[a = 0, b = -1]
[a = 1, b = 0]
[c = "0", d = ""]
[c = "\u{0}", d = ""]
