[a = "", b = "\u{0}", c = "\u{1}"]
[a = "A", b = "", c = ""]
[a = "", b = "", c = ""]
