[b = "hello world"]
[b = "hello world"]
[b = "hello world"]
no solution
no solution
[b = "rello world"]
[b = ""]
