[x = 1/6, y = 1/6]
x: 1/6
y: 1/6
x - y: 0
string x: 1/6
decimal x: 0.1667
fraction x: 1/6
float x: 0.16666666666666666
no solution
