[a = "", b = ""]
[a = "hello", b = ""]
no solution
