counterexample
[x = -0.0, y = NaN]
proved
counterexample
[x = 1.0156248807907104*(2**-64), y = -1.9999885559082031*(2**-71), z = -1.9999998807907104*(2**-65)]
