True
[a = "a"]
no solution
[a = ""]
[a = ""]
[a = "a"]
[a = "a"]
[a = "A"]
[a = "a"]
[a = ""]
no solution
[a = ""]
