[f = Lambda(_arg_1, If(_arg_1 == 1, 0, 1)), x = 0, y = 1]
[a = (as @A_0 A), b = (as @A_0 A)]
